// Jest Snapshot v1, https://goo.gl/fbAQLP

exports[`<SortableTree /> should render tree correctly 1`] = `
<div
  className="rst__tree"
  style={
    Object {
      "height": "100%",
    }
  }
>
  <div>
    <div
      aria-label="grid"
      aria-readonly={true}
      className="ReactVirtualized__Grid ReactVirtualized__List rst__virtualScrollOverride"
      onScroll={[Function]}
      role="grid"
      style={
        Object {
          "WebkitOverflowScrolling": "touch",
          "boxSizing": "border-box",
          "direction": "ltr",
          "height": 99999,
          "overflowX": "hidden",
          "overflowY": "hidden",
          "position": "relative",
          "width": 200,
          "willChange": "transform",
        }
      }
      tabIndex={0}
    >
      <div
        className="ReactVirtualized__Grid__innerScrollContainer"
        role="rowgroup"
        style={
          Object {
            "height": 62,
            "maxHeight": 62,
            "maxWidth": 200,
            "overflow": "hidden",
            "pointerEvents": "",
            "position": "relative",
            "width": "auto",
          }
        }
      >
        <div
          className="rst__node"
          style={
            Object {
              "height": 62,
              "left": 0,
              "position": "absolute",
              "top": 0,
              "width": "100%",
            }
          }
        >
          <div
            className="rst__lineBlock rst__lineHalfHorizontalRight"
            style={
              Object {
                "width": 44,
              }
            }
          />
          <div
            className="rst__nodeContent"
            style={
              Object {
                "left": 44,
              }
            }
          >
            <div
              style={
                Object {
                  "height": "100%",
                }
              }
            >
              <div
                className="rst__rowWrapper"
              >
                <div
                  className="rst__row"
                  style={
                    Object {
                      "opacity": 1,
                    }
                  }
                >
                  <div
                    className="rst__moveHandle"
                  />
                  <div
                    className="rst__rowContents"
                  >
                    <div
                      className="rst__rowLabel"
                    >
                      <span
                        className="rst__rowTitle"
                      />
                    </div>
                    <div
                      className="rst__rowToolbar"
                    />
                  </div>
                </div>
              </div>
            </div>
          </div>
        </div>
      </div>
    </div>
  </div>
</div>
`;
